Please provide a valid number for <number of lines>
Error: Invalid number of lines argument
