00000254b208c0f43409d8dc00439896
0000085a34260d1c84e89865c210ceb4
